[backblue.gif]
[fade.gif]
[index.html]
[axumaycrypto.trade/assets/themes/deepblack/js/modernizr.custom.js]
[axumaycrypto.trade/assets/uploads/content/62e7df341d6fe1659363124.jpg]
[axumaycrypto.trade/assets/themes/deepblack/img/icon/hamburger.png]
[axumaycrypto.trade/assets/themes/deepblack/img/icon/profile.png]
[axumaycrypto.trade/assets/uploads/logo/banner.jpg]
[axumaycrypto.trade/assets/uploads/content/63ac0f188d1e71672220440.png]
[axumaycrypto.trade/assets/uploads/content/63ac0f992a32b1672220569.png]
[axumaycrypto.trade/assets/uploads/content/63ac0fa3a5c781672220579.png]
[axumaycrypto.trade/assets/uploads/content/63ac0faed0e511672220590.png]
[axumaycrypto.trade/assets/uploads/content/63ac0ff74380e1672220663.png]
[axumaycrypto.trade/assets/uploads/content/63ac1031952101672220721.png]
[axumaycrypto.trade/assets/uploads/content/63ac103b79dad1672220731.png]
[axumaycrypto.trade/assets/uploads/content/63ac1043c78011672220739.png]
[axumaycrypto.trade/assets/uploads/content/63ac104f998a11672220751.png]
[axumaycrypto.trade/assets/uploads/content/63ac10576a5051672220759.png]
[axumaycrypto.trade/assets/uploads/content/63ac1060947cf1672220768.png]
[axumaycrypto.trade/assets/admin/images/default.png]
[axumaycrypto.trade/assets/themes/deepblack/img/icon/cross.png]
[axumaycrypto.trade/assets/themes/deepblack/img/icon/quote.png]
[axumaycrypto.trade/assets/uploads/content/62778ce92d4d51652002025.jpg]
[axumaycrypto.trade/assets/uploads/content/62778cfbc88651652002043.png]
[axumaycrypto.trade/assets/uploads/content/605aeaf009ddb1616571120.png]
[axumaycrypto.trade/assets/uploads/content/605aeb033ff771616571139.png]
[axumaycrypto.trade/assets/uploads/content/63ac1255649ae1672221269.png]
[axumaycrypto.trade/assets/uploads/content/63ac1289828601672221321.png]
[axumaycrypto.trade/assets/uploads/content/63ac129c560cc1672221340.png]
[axumaycrypto.trade/assets/uploads/content/63ac12a81facb1672221352.png]
[axumaycrypto.trade/assets/uploads/content/63ac13d565e0a1672221653.png]
[axumaycrypto.trade/assets/uploads/content/63ac13f4784fd1672221684.png]
[axumaycrypto.trade/assets/uploads/content/63ac1405e22461672221701.png]
[axumaycrypto.trade/assets/uploads/content/63ac142c939281672221740.png]
[axumaycrypto.trade/assets/uploads/content/thumb_62c41816f34b81657018390.jpg]
[axumaycrypto.trade/assets/uploads/content/thumb_62c4182976a5c1657018409.jpg]
[axumaycrypto.trade/assets/uploads/content/thumb_62c418343716c1657018420.jpg]
[axumaycrypto.trade/assets/uploads/gateway/61d16f5313ee41641115475.jpg]
[axumaycrypto.trade/assets/uploads/gateway/5fe439f477bb7.jpg]
[axumaycrypto.trade/assets/uploads/gateway/5fe038332ad52.jpg]
[axumaycrypto.trade/assets/uploads/gateway/cashmaal.jpg]
[axumaycrypto.trade/assets/uploads/gateway/63b6c79b0e05a1672923035.jpg]
[axumaycrypto.trade/assets/uploads/gateway/63b6c5f19bbd21672922609.jpg]
[axumaycrypto.trade/assets/uploads/gateway/5f637de6d9fef.jpg]
[axumaycrypto.trade/assets/uploads/gateway/63b6a0f262c9f1672913138.jpg]
[axumaycrypto.trade/assets/uploads/gateway/63b6c23aac9181672921658.png]
[axumaycrypto.trade/assets/uploads/gateway/63b6ab4d45abb1672915789.webp]
[axumaycrypto.trade/assets/uploads/gateway/63b6c9e2b69431672923618.png]
[axumaycrypto.trade/assets/uploads/gateway/63b69d81f06f21672912257.png]
[axumaycrypto.trade/assets/uploads/gateway/63b6b02748f191672917031.png]
[axumaycrypto.trade/assets/uploads/gateway/5f637d6a0b22d.jpg]
[axumaycrypto.trade/assets/uploads/gateway/5f637da3c44d2.jpg]
[axumaycrypto.trade/assets/uploads/gateway/5f637b5622d23.jpg]
[axumaycrypto.trade/assets/uploads/gateway/5f659e5355859.jpg]
[axumaycrypto.trade/assets/uploads/gateway/5ffd7d962985e1610448278.jpg]
[axumaycrypto.trade/assets/uploads/gateway/5f6703145a5ca.jpg]
[axumaycrypto.trade/assets/uploads/gateway/5f645d1bc1f24.jpg]
[axumaycrypto.trade/assets/uploads/gateway/5f637db537958.jpg]
[axumaycrypto.trade/assets/uploads/gateway/5fbca5d05057f.jpg]
[axumaycrypto.trade/assets/uploads/gateway/5f64d52d09e13.jpg]
[axumaycrypto.trade/assets/uploads/gateway/5f637d069177e.jpg]
[axumaycrypto.trade/assets/uploads/gateway/5f637cbfb4d4c.jpg]
[axumaycrypto.trade/assets/uploads/gateway/5f6390dbaa6ff.jpg]
[axumaycrypto.trade/assets/uploads/gateway/5f64d522d8bea.jpg]
[axumaycrypto.trade/assets/uploads/gateway/5f637d80b68e0.jpg]
[axumaycrypto.trade/assets/uploads/gateway/5f637e002d11b.jpg]
[axumaycrypto.trade/assets/uploads/gateway/5f637d53da3e7.jpg]
[axumaycrypto.trade/assets/uploads/gateway/5f645d432b9c0.jpg]
[axumaycrypto.trade/assets/uploads/gateway/5f637c7fcb9ef.jpg]
[axumaycrypto.trade/assets/uploads/gateway/5f637e7eae68b.jpg]
[axumaycrypto.trade/assets/themes/deepblack/img/icon/calling.png]
[axumaycrypto.trade/assets/themes/deepblack/img/icon/email.png]
[axumaycrypto.trade/assets/themes/deepblack/img/icon/location.png]
[axumaycrypto.trade/assets/themes/deepblack/img/icon/up-arrow2.png]
[axumaycrypto.trade/assets/themes/deepblack/img/bitcoin.gif]
[axumaycrypto.trade/assets/themes/deepblack/assets/bootstrap/bootstrap.bundle.min.js]
[axumaycrypto.trade/assets/themes/deepblack/assets/jquery/jquery-3.6.0.min.js]
[axumaycrypto.trade/assets/themes/deepblack/assets/plugins/owlcarousel/owl.carousel.min.js]
[axumaycrypto.trade/assets/themes/deepblack/assets/plugins/counterup/jquery.waypoints.min.js]
[axumaycrypto.trade/assets/themes/deepblack/assets/plugins/counterup/jquery.counterup.min.js]
[axumaycrypto.trade/assets/themes/deepblack/assets/plugins/aos/aos.js]
[axumaycrypto.trade/assets/themes/deepblack/assets/plugins/radial-progress/radialprogress.js]
[axumaycrypto.trade/assets/themes/deepblack/assets/fontawesome/fontawesome.min.js]
[axumaycrypto.trade/assets/global/js/notiflix-aio-2.7.0.min.js]
[axumaycrypto.trade/assets/global/js/pusher.min.js]
[axumaycrypto.trade/assets/global/js/vue.min.js]
[axumaycrypto.trade/assets/global/js/axios.min.js]
[axumaycrypto.trade/assets/themes/deepblack/js/script.js]
[axumaycrypto.trade/index.html]
[axumaycrypto.trade/assets/themes/deepblack/assets/bootstrap/bootstrap.min.css]
[axumaycrypto.trade/assets/themes/deepblack/assets/plugins/owlcarousel/animate.css]
[axumaycrypto.trade/assets/uploads/logo/logo.png]
[axumaycrypto.trade/assets/uploads/logo/favicon.png]
[axumaycrypto.trade/assets/themes/deepblack/assets/plugins/owlcarousel/owl.carousel.min.css]
[axumaycrypto.trade/assets/themes/deepblack/assets/plugins/owlcarousel/owl.theme.default.min.css]
[axumaycrypto.trade/assets/themes/deepblack/assets/plugins/aos/aos.css]
[axumaycrypto.trade/assets/themes/deepblack/assets/plugins/radial-progress/radialprogress.css]
[axumaycrypto.trade/assets/themes/deepblack/scss/flag-icon.min.css]
[axumaycrypto.trade/assets/themes/deepblack/img/icon/chevron.png]
[axumaycrypto.trade/assets/themes/deepblack/img/icon/right-arrow2.png]
[axumaycrypto.trade/assets/themes/deepblack/img/Star_Universe_Earth_Moon_HD_Space_2880x1800.jpg]
[axumaycrypto.trade/assets/themes/deepblack/scss/style.css]
[axumaycrypto.trade/plan.html]
[axumaycrypto.trade/about.html]
[axumaycrypto.trade/assets/uploads/logo/meta.png]
[axumaycrypto.trade/blog.html]
[axumaycrypto.trade/faq.html]
[axumaycrypto.trade/assets/themes/deepblack/img/icon/location2.png]
[axumaycrypto.trade/assets/themes/deepblack/img/icon/email2.png]
[axumaycrypto.trade/assets/themes/deepblack/img/icon/phone2.png]
[axumaycrypto.trade/assets/themes/deepblack/img/icon/edit.png]
[axumaycrypto.trade/contact.html]
[axumaycrypto.trade/assets/themes/deepblack/img/icon/padlock.png]
[axumaycrypto.trade/login.html]
[axumaycrypto.trade/register.html]
[axumaycrypto.trade/assets/uploads/content/62c41816f34b81657018390.jpg]
[axumaycrypto.trade/blog-details/crypto-economys-10-most-expensive-assets-per-unit-in-2022/63.html]
[axumaycrypto.trade/assets/uploads/content/62c4182976a5c1657018409.jpg]
[axumaycrypto.trade/blog-details/using-meta-advantage-to-simplify-your-facebook-whatsapp-instagram-viber/62.html]
[axumaycrypto.trade/assets/uploads/content/62c418343716c1657018420.jpg]
[axumaycrypto.trade/blog-details/mybtc-ca-welcomes-eth-heres-what-you-need-to-know/61.html]
[axumaycrypto.trade/terms-amp-conditions/33.html]
[axumaycrypto.trade/privacy-policy/34.html]
[axumaycrypto.trade/assets/themes/deepblack/flags/1x1/ad.svg]
[axumaycrypto.trade/assets/themes/deepblack/flags/4x3/ae.svg]
[axumaycrypto.trade/assets/themes/deepblack/flags/1x1/ae.svg]
[axumaycrypto.trade/assets/themes/deepblack/flags/4x3/af.svg]
[axumaycrypto.trade/assets/themes/deepblack/flags/1x1/af.svg]
[axumaycrypto.trade/assets/themes/deepblack/flags/4x3/ag.svg]
[axumaycrypto.trade/assets/themes/deepblack/flags/1x1/ag.svg]
[axumaycrypto.trade/assets/themes/deepblack/flags/4x3/ai.svg]
[axumaycrypto.trade/assets/themes/deepblack/flags/1x1/ai.svg]
[axumaycrypto.trade/assets/themes/deepblack/flags/4x3/al.svg]
[axumaycrypto.trade/assets/themes/deepblack/flags/1x1/al.svg]
[axumaycrypto.trade/assets/themes/deepblack/flags/4x3/am.svg]
[axumaycrypto.trade/assets/themes/deepblack/flags/1x1/am.svg]
[axumaycrypto.trade/assets/themes/deepblack/flags/4x3/ao.svg]
[axumaycrypto.trade/assets/themes/deepblack/flags/1x1/ao.svg]
[axumaycrypto.trade/assets/themes/deepblack/flags/4x3/aq.svg]
[axumaycrypto.trade/assets/themes/deepblack/flags/1x1/aq.svg]
[axumaycrypto.trade/assets/themes/deepblack/flags/4x3/ar.svg]
[axumaycrypto.trade/assets/themes/deepblack/flags/1x1/ar.svg]
[axumaycrypto.trade/assets/themes/deepblack/flags/4x3/as.svg]
[axumaycrypto.trade/assets/themes/deepblack/flags/1x1/as.svg]
[axumaycrypto.trade/assets/themes/deepblack/flags/4x3/at.svg]
[axumaycrypto.trade/assets/themes/deepblack/flags/1x1/at.svg]
[axumaycrypto.trade/assets/themes/deepblack/flags/4x3/au.svg]
[axumaycrypto.trade/assets/themes/deepblack/flags/1x1/au.svg]
[axumaycrypto.trade/assets/themes/deepblack/flags/4x3/aw.svg]
[axumaycrypto.trade/assets/themes/deepblack/flags/1x1/aw.svg]
[axumaycrypto.trade/assets/themes/deepblack/flags/4x3/ax.svg]
[axumaycrypto.trade/assets/themes/deepblack/flags/1x1/ax.svg]
[axumaycrypto.trade/assets/themes/deepblack/flags/4x3/az.svg]
[axumaycrypto.trade/assets/themes/deepblack/flags/1x1/az.svg]
[axumaycrypto.trade/assets/themes/deepblack/flags/4x3/ba.svg]
[axumaycrypto.trade/assets/themes/deepblack/flags/1x1/ba.svg]
[axumaycrypto.trade/assets/themes/deepblack/flags/4x3/bb.svg]
[axumaycrypto.trade/assets/themes/deepblack/flags/1x1/bb.svg]
[axumaycrypto.trade/assets/themes/deepblack/flags/4x3/bd.svg]
[axumaycrypto.trade/assets/themes/deepblack/flags/1x1/bd.svg]
[axumaycrypto.trade/assets/themes/deepblack/flags/4x3/be.svg]
[axumaycrypto.trade/assets/themes/deepblack/flags/1x1/be.svg]
[axumaycrypto.trade/assets/themes/deepblack/flags/4x3/bf.svg]
[axumaycrypto.trade/assets/themes/deepblack/flags/1x1/bf.svg]
[axumaycrypto.trade/assets/themes/deepblack/flags/4x3/bg.svg]
[axumaycrypto.trade/assets/themes/deepblack/flags/1x1/bg.svg]
[axumaycrypto.trade/assets/themes/deepblack/flags/4x3/bh.svg]
[axumaycrypto.trade/assets/themes/deepblack/flags/1x1/bh.svg]
[axumaycrypto.trade/assets/themes/deepblack/flags/4x3/bi.svg]
[axumaycrypto.trade/assets/themes/deepblack/flags/1x1/bi.svg]
[axumaycrypto.trade/assets/themes/deepblack/flags/4x3/bj.svg]
[axumaycrypto.trade/assets/themes/deepblack/flags/1x1/bj.svg]
[axumaycrypto.trade/assets/themes/deepblack/flags/4x3/bl.svg]
[axumaycrypto.trade/assets/themes/deepblack/flags/1x1/bl.svg]
[axumaycrypto.trade/assets/themes/deepblack/flags/4x3/bm.svg]
[axumaycrypto.trade/assets/themes/deepblack/flags/1x1/bm.svg]
[axumaycrypto.trade/assets/themes/deepblack/flags/4x3/bn.svg]
[axumaycrypto.trade/assets/themes/deepblack/flags/1x1/bn.svg]
[axumaycrypto.trade/assets/themes/deepblack/flags/4x3/bo.svg]
[axumaycrypto.trade/assets/themes/deepblack/flags/1x1/bo.svg]
[axumaycrypto.trade/assets/themes/deepblack/flags/4x3/bq.svg]
[axumaycrypto.trade/assets/themes/deepblack/flags/1x1/bq.svg]
[axumaycrypto.trade/assets/themes/deepblack/flags/4x3/br.svg]
[axumaycrypto.trade/assets/themes/deepblack/flags/1x1/br.svg]
[axumaycrypto.trade/assets/themes/deepblack/flags/4x3/bs.svg]
[axumaycrypto.trade/assets/themes/deepblack/flags/1x1/bs.svg]
[axumaycrypto.trade/assets/themes/deepblack/flags/4x3/bt.svg]
[axumaycrypto.trade/assets/themes/deepblack/flags/1x1/bt.svg]
[axumaycrypto.trade/assets/themes/deepblack/flags/4x3/bv.svg]
[axumaycrypto.trade/assets/themes/deepblack/flags/1x1/bv.svg]
[axumaycrypto.trade/assets/themes/deepblack/flags/4x3/bw.svg]
[axumaycrypto.trade/assets/themes/deepblack/flags/1x1/bw.svg]
[axumaycrypto.trade/assets/themes/deepblack/flags/4x3/by.svg]
[axumaycrypto.trade/assets/themes/deepblack/flags/1x1/by.svg]
[axumaycrypto.trade/assets/themes/deepblack/flags/4x3/bz.svg]
[axumaycrypto.trade/assets/themes/deepblack/flags/1x1/bz.svg]
[axumaycrypto.trade/assets/themes/deepblack/flags/4x3/ca.svg]
[axumaycrypto.trade/assets/themes/deepblack/flags/1x1/ca.svg]
[axumaycrypto.trade/assets/themes/deepblack/flags/4x3/cc.svg]
[axumaycrypto.trade/assets/themes/deepblack/flags/1x1/cc.svg]
[axumaycrypto.trade/assets/themes/deepblack/flags/4x3/cd.svg]
[axumaycrypto.trade/assets/themes/deepblack/flags/1x1/cd.svg]
[axumaycrypto.trade/assets/themes/deepblack/flags/4x3/cf.svg]
[axumaycrypto.trade/assets/themes/deepblack/flags/1x1/cf.svg]
[axumaycrypto.trade/assets/themes/deepblack/flags/4x3/cg.svg]
[axumaycrypto.trade/assets/themes/deepblack/flags/1x1/cg.svg]
[axumaycrypto.trade/assets/themes/deepblack/flags/4x3/ch.svg]
[axumaycrypto.trade/assets/themes/deepblack/flags/1x1/ch.svg]
[axumaycrypto.trade/assets/themes/deepblack/flags/4x3/ci.svg]
[axumaycrypto.trade/assets/themes/deepblack/flags/1x1/ci.svg]
[axumaycrypto.trade/assets/themes/deepblack/flags/4x3/ck.svg]
[axumaycrypto.trade/assets/themes/deepblack/flags/1x1/ck.svg]
[axumaycrypto.trade/assets/themes/deepblack/flags/4x3/cl.svg]
[axumaycrypto.trade/assets/themes/deepblack/flags/1x1/cl.svg]
[axumaycrypto.trade/assets/themes/deepblack/flags/4x3/cm.svg]
[axumaycrypto.trade/assets/themes/deepblack/flags/1x1/cm.svg]
[axumaycrypto.trade/assets/themes/deepblack/flags/4x3/cn.svg]
[axumaycrypto.trade/assets/themes/deepblack/flags/1x1/cn.svg]
[axumaycrypto.trade/assets/themes/deepblack/flags/4x3/co.svg]
[axumaycrypto.trade/assets/themes/deepblack/flags/1x1/co.svg]
[axumaycrypto.trade/assets/themes/deepblack/flags/4x3/cr.svg]
[axumaycrypto.trade/assets/themes/deepblack/flags/1x1/cr.svg]
[axumaycrypto.trade/assets/themes/deepblack/flags/4x3/cu.svg]
[axumaycrypto.trade/assets/themes/deepblack/flags/1x1/cu.svg]
[axumaycrypto.trade/assets/themes/deepblack/flags/4x3/cv.svg]
[axumaycrypto.trade/assets/themes/deepblack/flags/1x1/cv.svg]
[axumaycrypto.trade/assets/themes/deepblack/flags/4x3/cw.svg]
[axumaycrypto.trade/assets/themes/deepblack/flags/1x1/cw.svg]
[axumaycrypto.trade/assets/themes/deepblack/flags/4x3/cx.svg]
[axumaycrypto.trade/assets/themes/deepblack/flags/1x1/cx.svg]
[axumaycrypto.trade/assets/themes/deepblack/flags/4x3/cy.svg]
[axumaycrypto.trade/assets/themes/deepblack/flags/1x1/cy.svg]
[axumaycrypto.trade/assets/themes/deepblack/flags/4x3/cz.svg]
[axumaycrypto.trade/assets/themes/deepblack/flags/1x1/cz.svg]
[axumaycrypto.trade/assets/themes/deepblack/flags/4x3/de.svg]
[axumaycrypto.trade/assets/themes/deepblack/flags/1x1/de.svg]
[axumaycrypto.trade/assets/themes/deepblack/flags/4x3/dj.svg]
[axumaycrypto.trade/assets/themes/deepblack/flags/1x1/dj.svg]
[axumaycrypto.trade/assets/themes/deepblack/flags/4x3/dk.svg]
[axumaycrypto.trade/assets/themes/deepblack/flags/1x1/dk.svg]
[axumaycrypto.trade/assets/themes/deepblack/flags/4x3/dm.svg]
[axumaycrypto.trade/assets/themes/deepblack/flags/1x1/dm.svg]
[axumaycrypto.trade/assets/themes/deepblack/flags/4x3/do.svg]
[axumaycrypto.trade/assets/themes/deepblack/flags/1x1/do.svg]
[axumaycrypto.trade/assets/themes/deepblack/flags/4x3/dz.svg]
[axumaycrypto.trade/assets/themes/deepblack/flags/1x1/dz.svg]
[axumaycrypto.trade/assets/themes/deepblack/flags/4x3/ec.svg]
[axumaycrypto.trade/assets/themes/deepblack/flags/1x1/ec.svg]
[axumaycrypto.trade/assets/themes/deepblack/flags/4x3/ee.svg]
[axumaycrypto.trade/assets/themes/deepblack/flags/1x1/ee.svg]
[axumaycrypto.trade/assets/themes/deepblack/flags/4x3/eg.svg]
[axumaycrypto.trade/assets/themes/deepblack/flags/1x1/eg.svg]
[axumaycrypto.trade/assets/themes/deepblack/flags/4x3/eh.svg]
[axumaycrypto.trade/assets/themes/deepblack/flags/1x1/eh.svg]
[axumaycrypto.trade/assets/themes/deepblack/flags/4x3/er.svg]
[axumaycrypto.trade/assets/themes/deepblack/flags/1x1/er.svg]
[axumaycrypto.trade/assets/themes/deepblack/flags/4x3/es.svg]
[axumaycrypto.trade/assets/themes/deepblack/flags/1x1/es.svg]
[axumaycrypto.trade/assets/themes/deepblack/flags/4x3/et.svg]
[axumaycrypto.trade/assets/themes/deepblack/flags/1x1/et.svg]
[axumaycrypto.trade/assets/themes/deepblack/flags/4x3/fi.svg]
[axumaycrypto.trade/assets/themes/deepblack/flags/1x1/fi.svg]
[axumaycrypto.trade/assets/themes/deepblack/flags/4x3/fj.svg]
[axumaycrypto.trade/assets/themes/deepblack/flags/1x1/fj.svg]
[axumaycrypto.trade/assets/themes/deepblack/flags/4x3/fk.svg]
[axumaycrypto.trade/assets/themes/deepblack/flags/1x1/fk.svg]
[axumaycrypto.trade/assets/themes/deepblack/flags/4x3/fm.svg]
[axumaycrypto.trade/assets/themes/deepblack/flags/1x1/fm.svg]
[axumaycrypto.trade/assets/themes/deepblack/flags/4x3/fo.svg]
[axumaycrypto.trade/assets/themes/deepblack/flags/1x1/fo.svg]
[axumaycrypto.trade/assets/themes/deepblack/flags/4x3/fr.svg]
[axumaycrypto.trade/assets/themes/deepblack/flags/1x1/fr.svg]
[axumaycrypto.trade/assets/themes/deepblack/flags/4x3/ga.svg]
[axumaycrypto.trade/assets/themes/deepblack/flags/1x1/ga.svg]
[axumaycrypto.trade/assets/themes/deepblack/flags/4x3/gb.svg]
[axumaycrypto.trade/assets/themes/deepblack/flags/1x1/gb.svg]
[axumaycrypto.trade/assets/themes/deepblack/flags/4x3/gd.svg]
[axumaycrypto.trade/assets/themes/deepblack/flags/1x1/gd.svg]
[axumaycrypto.trade/assets/themes/deepblack/flags/4x3/ge.svg]
[axumaycrypto.trade/assets/themes/deepblack/flags/1x1/ge.svg]
[axumaycrypto.trade/assets/themes/deepblack/flags/4x3/gf.svg]
[axumaycrypto.trade/assets/themes/deepblack/flags/1x1/gf.svg]
[axumaycrypto.trade/assets/themes/deepblack/flags/4x3/gg.svg]
[axumaycrypto.trade/assets/themes/deepblack/flags/1x1/gg.svg]
[axumaycrypto.trade/assets/themes/deepblack/flags/4x3/gh.svg]
[axumaycrypto.trade/assets/themes/deepblack/flags/1x1/gh.svg]
[axumaycrypto.trade/assets/themes/deepblack/flags/4x3/gi.svg]
[axumaycrypto.trade/assets/themes/deepblack/flags/1x1/gi.svg]
[axumaycrypto.trade/assets/themes/deepblack/flags/4x3/gl.svg]
[axumaycrypto.trade/assets/themes/deepblack/flags/1x1/gl.svg]
[axumaycrypto.trade/assets/themes/deepblack/flags/4x3/gm.svg]
[axumaycrypto.trade/assets/themes/deepblack/flags/1x1/gm.svg]
[axumaycrypto.trade/assets/themes/deepblack/flags/4x3/gn.svg]
[axumaycrypto.trade/assets/themes/deepblack/flags/1x1/gn.svg]
[axumaycrypto.trade/assets/themes/deepblack/flags/4x3/gp.svg]
[axumaycrypto.trade/assets/themes/deepblack/flags/1x1/gp.svg]
[axumaycrypto.trade/assets/themes/deepblack/flags/4x3/gq.svg]
[axumaycrypto.trade/assets/themes/deepblack/flags/1x1/gq.svg]
[axumaycrypto.trade/assets/themes/deepblack/flags/4x3/gr.svg]
[axumaycrypto.trade/assets/themes/deepblack/flags/1x1/gr.svg]
[axumaycrypto.trade/assets/themes/deepblack/flags/4x3/gs.svg]
[axumaycrypto.trade/assets/themes/deepblack/flags/1x1/gs.svg]
[axumaycrypto.trade/assets/themes/deepblack/flags/4x3/gt.svg]
[axumaycrypto.trade/assets/themes/deepblack/flags/1x1/gt.svg]
[axumaycrypto.trade/assets/themes/deepblack/flags/4x3/gu.svg]
[axumaycrypto.trade/assets/themes/deepblack/flags/1x1/gu.svg]
[axumaycrypto.trade/assets/themes/deepblack/flags/4x3/gw.svg]
[axumaycrypto.trade/assets/themes/deepblack/flags/1x1/gw.svg]
[axumaycrypto.trade/assets/themes/deepblack/flags/4x3/gy.svg]
[axumaycrypto.trade/assets/themes/deepblack/flags/1x1/gy.svg]
[axumaycrypto.trade/assets/themes/deepblack/flags/4x3/hk.svg]
[axumaycrypto.trade/assets/themes/deepblack/flags/1x1/hk.svg]
[axumaycrypto.trade/assets/themes/deepblack/flags/4x3/hm.svg]
[axumaycrypto.trade/assets/themes/deepblack/flags/1x1/hm.svg]
[axumaycrypto.trade/assets/themes/deepblack/flags/4x3/hn.svg]
[axumaycrypto.trade/assets/themes/deepblack/flags/1x1/hn.svg]
[axumaycrypto.trade/assets/themes/deepblack/flags/4x3/hr.svg]
[axumaycrypto.trade/assets/themes/deepblack/flags/1x1/hr.svg]
[axumaycrypto.trade/assets/themes/deepblack/flags/4x3/ht.svg]
[axumaycrypto.trade/assets/themes/deepblack/flags/1x1/ht.svg]
[axumaycrypto.trade/assets/themes/deepblack/flags/4x3/hu.svg]
[axumaycrypto.trade/assets/themes/deepblack/flags/1x1/hu.svg]
[axumaycrypto.trade/assets/themes/deepblack/flags/4x3/id.svg]
[axumaycrypto.trade/assets/themes/deepblack/flags/1x1/id.svg]
[axumaycrypto.trade/assets/themes/deepblack/flags/4x3/ie.svg]
[axumaycrypto.trade/assets/themes/deepblack/flags/1x1/ie.svg]
[axumaycrypto.trade/assets/themes/deepblack/flags/4x3/il.svg]
[axumaycrypto.trade/assets/themes/deepblack/flags/1x1/il.svg]
[axumaycrypto.trade/assets/themes/deepblack/flags/4x3/im.svg]
[axumaycrypto.trade/assets/themes/deepblack/flags/1x1/im.svg]
[axumaycrypto.trade/assets/themes/deepblack/flags/4x3/in.svg]
[axumaycrypto.trade/assets/themes/deepblack/flags/1x1/in.svg]
[axumaycrypto.trade/assets/themes/deepblack/flags/4x3/io.svg]
[axumaycrypto.trade/assets/themes/deepblack/flags/1x1/io.svg]
[axumaycrypto.trade/assets/themes/deepblack/flags/4x3/iq.svg]
[axumaycrypto.trade/assets/themes/deepblack/flags/1x1/iq.svg]
[axumaycrypto.trade/assets/themes/deepblack/flags/4x3/ir.svg]
[axumaycrypto.trade/assets/themes/deepblack/flags/1x1/ir.svg]
[axumaycrypto.trade/assets/themes/deepblack/flags/4x3/is.svg]
[axumaycrypto.trade/assets/themes/deepblack/flags/1x1/is.svg]
[axumaycrypto.trade/assets/themes/deepblack/flags/4x3/it.svg]
[axumaycrypto.trade/assets/themes/deepblack/flags/1x1/it.svg]
[axumaycrypto.trade/assets/themes/deepblack/flags/4x3/je.svg]
[axumaycrypto.trade/assets/themes/deepblack/flags/1x1/je.svg]
[axumaycrypto.trade/assets/themes/deepblack/flags/4x3/jm.svg]
[axumaycrypto.trade/assets/themes/deepblack/flags/1x1/jm.svg]
[axumaycrypto.trade/assets/themes/deepblack/flags/4x3/jo.svg]
[axumaycrypto.trade/assets/themes/deepblack/flags/1x1/jo.svg]
[axumaycrypto.trade/assets/themes/deepblack/flags/4x3/jp.svg]
[axumaycrypto.trade/assets/themes/deepblack/flags/1x1/jp.svg]
[axumaycrypto.trade/assets/themes/deepblack/flags/4x3/ke.svg]
[axumaycrypto.trade/assets/themes/deepblack/flags/1x1/ke.svg]
[axumaycrypto.trade/assets/themes/deepblack/flags/4x3/kg.svg]
[axumaycrypto.trade/assets/themes/deepblack/flags/1x1/kg.svg]
[axumaycrypto.trade/assets/themes/deepblack/flags/4x3/kh.svg]
[axumaycrypto.trade/assets/themes/deepblack/flags/1x1/kh.svg]
[axumaycrypto.trade/assets/themes/deepblack/flags/4x3/ki.svg]
[axumaycrypto.trade/assets/themes/deepblack/flags/1x1/ki.svg]
[axumaycrypto.trade/assets/themes/deepblack/flags/4x3/km.svg]
[axumaycrypto.trade/assets/themes/deepblack/flags/1x1/km.svg]
[axumaycrypto.trade/assets/themes/deepblack/flags/4x3/kn.svg]
[axumaycrypto.trade/assets/themes/deepblack/flags/1x1/kn.svg]
[axumaycrypto.trade/assets/themes/deepblack/flags/4x3/kp.svg]
[axumaycrypto.trade/assets/themes/deepblack/flags/1x1/kp.svg]
[axumaycrypto.trade/assets/themes/deepblack/flags/4x3/kr.svg]
[axumaycrypto.trade/assets/themes/deepblack/flags/1x1/kr.svg]
[axumaycrypto.trade/assets/themes/deepblack/flags/4x3/kw.svg]
[axumaycrypto.trade/assets/themes/deepblack/flags/1x1/kw.svg]
[axumaycrypto.trade/assets/themes/deepblack/flags/4x3/ky.svg]
[axumaycrypto.trade/assets/themes/deepblack/flags/1x1/ky.svg]
[axumaycrypto.trade/assets/themes/deepblack/flags/4x3/kz.svg]
[axumaycrypto.trade/assets/themes/deepblack/flags/1x1/kz.svg]
[axumaycrypto.trade/assets/themes/deepblack/flags/4x3/la.svg]
[axumaycrypto.trade/assets/themes/deepblack/flags/1x1/la.svg]
[axumaycrypto.trade/assets/themes/deepblack/flags/4x3/lb.svg]
[axumaycrypto.trade/assets/themes/deepblack/flags/1x1/lb.svg]
[axumaycrypto.trade/assets/themes/deepblack/flags/4x3/lc.svg]
[axumaycrypto.trade/assets/themes/deepblack/flags/1x1/lc.svg]
[axumaycrypto.trade/assets/themes/deepblack/flags/4x3/li.svg]
[axumaycrypto.trade/assets/themes/deepblack/flags/1x1/li.svg]
[axumaycrypto.trade/assets/themes/deepblack/flags/4x3/lk.svg]
[axumaycrypto.trade/assets/themes/deepblack/flags/1x1/lk.svg]
[axumaycrypto.trade/assets/themes/deepblack/flags/4x3/lr.svg]
[axumaycrypto.trade/assets/themes/deepblack/flags/1x1/lr.svg]
[axumaycrypto.trade/assets/themes/deepblack/flags/4x3/ls.svg]
[axumaycrypto.trade/assets/themes/deepblack/flags/1x1/ls.svg]
[axumaycrypto.trade/assets/themes/deepblack/flags/4x3/lt.svg]
[axumaycrypto.trade/assets/themes/deepblack/flags/1x1/lt.svg]
[axumaycrypto.trade/assets/themes/deepblack/flags/4x3/lu.svg]
[axumaycrypto.trade/assets/themes/deepblack/flags/1x1/lu.svg]
[axumaycrypto.trade/assets/themes/deepblack/flags/4x3/lv.svg]
[axumaycrypto.trade/assets/themes/deepblack/flags/1x1/lv.svg]
[axumaycrypto.trade/assets/themes/deepblack/flags/4x3/ly.svg]
[axumaycrypto.trade/assets/themes/deepblack/flags/1x1/ly.svg]
[axumaycrypto.trade/assets/themes/deepblack/flags/4x3/ma.svg]
[axumaycrypto.trade/assets/themes/deepblack/flags/1x1/ma.svg]
[axumaycrypto.trade/assets/themes/deepblack/flags/4x3/mc.svg]
[axumaycrypto.trade/assets/themes/deepblack/flags/1x1/mc.svg]
[axumaycrypto.trade/assets/themes/deepblack/flags/4x3/md.svg]
[axumaycrypto.trade/assets/themes/deepblack/flags/1x1/md.svg]
[axumaycrypto.trade/assets/themes/deepblack/flags/4x3/me.svg]
[axumaycrypto.trade/assets/themes/deepblack/flags/1x1/me.svg]
[axumaycrypto.trade/assets/themes/deepblack/flags/4x3/mf.svg]
[axumaycrypto.trade/assets/themes/deepblack/flags/1x1/mf.svg]
[axumaycrypto.trade/assets/themes/deepblack/flags/4x3/mg.svg]
[axumaycrypto.trade/assets/themes/deepblack/flags/1x1/mg.svg]
[axumaycrypto.trade/assets/themes/deepblack/flags/4x3/mh.svg]
[axumaycrypto.trade/assets/themes/deepblack/flags/1x1/mh.svg]
[axumaycrypto.trade/assets/themes/deepblack/flags/4x3/mk.svg]
[axumaycrypto.trade/assets/themes/deepblack/flags/1x1/mk.svg]
[axumaycrypto.trade/assets/themes/deepblack/flags/4x3/ml.svg]
[axumaycrypto.trade/assets/themes/deepblack/flags/1x1/ml.svg]
[axumaycrypto.trade/assets/themes/deepblack/flags/4x3/mm.svg]
[axumaycrypto.trade/assets/themes/deepblack/flags/1x1/mm.svg]
[axumaycrypto.trade/assets/themes/deepblack/flags/4x3/mn.svg]
[axumaycrypto.trade/assets/themes/deepblack/flags/1x1/mn.svg]
[axumaycrypto.trade/assets/themes/deepblack/flags/4x3/mo.svg]
[axumaycrypto.trade/assets/themes/deepblack/flags/1x1/mo.svg]
[axumaycrypto.trade/assets/themes/deepblack/flags/4x3/mp.svg]
[axumaycrypto.trade/assets/themes/deepblack/flags/1x1/mp.svg]
[axumaycrypto.trade/assets/themes/deepblack/flags/4x3/mq.svg]
[axumaycrypto.trade/assets/themes/deepblack/flags/1x1/mq.svg]
[axumaycrypto.trade/assets/themes/deepblack/flags/4x3/mr.svg]
[axumaycrypto.trade/assets/themes/deepblack/flags/1x1/mr.svg]
[axumaycrypto.trade/assets/themes/deepblack/flags/4x3/ms.svg]
[axumaycrypto.trade/assets/themes/deepblack/flags/1x1/ms.svg]
[axumaycrypto.trade/assets/themes/deepblack/flags/4x3/mt.svg]
[axumaycrypto.trade/assets/themes/deepblack/flags/1x1/mt.svg]
[axumaycrypto.trade/assets/themes/deepblack/flags/4x3/mu.svg]
[axumaycrypto.trade/assets/themes/deepblack/flags/1x1/mu.svg]
[axumaycrypto.trade/assets/themes/deepblack/flags/4x3/mv.svg]
[axumaycrypto.trade/assets/themes/deepblack/flags/1x1/mv.svg]
[axumaycrypto.trade/assets/themes/deepblack/flags/4x3/mw.svg]
[axumaycrypto.trade/assets/themes/deepblack/flags/1x1/mw.svg]
[axumaycrypto.trade/assets/themes/deepblack/flags/4x3/mx.svg]
[axumaycrypto.trade/assets/themes/deepblack/flags/1x1/mx.svg]
[axumaycrypto.trade/assets/themes/deepblack/flags/4x3/my.svg]
[axumaycrypto.trade/assets/themes/deepblack/flags/1x1/my.svg]
[axumaycrypto.trade/assets/themes/deepblack/flags/4x3/mz.svg]
[axumaycrypto.trade/assets/themes/deepblack/flags/1x1/mz.svg]
[axumaycrypto.trade/assets/themes/deepblack/flags/4x3/na.svg]
[axumaycrypto.trade/assets/themes/deepblack/flags/1x1/na.svg]
[axumaycrypto.trade/assets/themes/deepblack/flags/4x3/nc.svg]
[axumaycrypto.trade/assets/themes/deepblack/flags/1x1/nc.svg]
[axumaycrypto.trade/assets/themes/deepblack/flags/4x3/ne.svg]
[axumaycrypto.trade/assets/themes/deepblack/flags/1x1/ne.svg]
[axumaycrypto.trade/assets/themes/deepblack/flags/4x3/nf.svg]
[axumaycrypto.trade/assets/themes/deepblack/flags/1x1/nf.svg]
[axumaycrypto.trade/assets/themes/deepblack/flags/4x3/ng.svg]
[axumaycrypto.trade/assets/themes/deepblack/flags/1x1/ng.svg]
[axumaycrypto.trade/assets/themes/deepblack/flags/4x3/ni.svg]
[axumaycrypto.trade/assets/themes/deepblack/flags/1x1/ni.svg]
[axumaycrypto.trade/assets/themes/deepblack/flags/4x3/nl.svg]
[axumaycrypto.trade/assets/themes/deepblack/flags/1x1/nl.svg]
[axumaycrypto.trade/assets/themes/deepblack/flags/4x3/no.svg]
[axumaycrypto.trade/assets/themes/deepblack/flags/1x1/no.svg]
[axumaycrypto.trade/assets/themes/deepblack/flags/4x3/np.svg]
[axumaycrypto.trade/assets/themes/deepblack/flags/1x1/np.svg]
[axumaycrypto.trade/assets/themes/deepblack/flags/4x3/nr.svg]
[axumaycrypto.trade/assets/themes/deepblack/flags/1x1/nr.svg]
[axumaycrypto.trade/assets/themes/deepblack/flags/4x3/nu.svg]
[axumaycrypto.trade/assets/themes/deepblack/flags/1x1/nu.svg]
[axumaycrypto.trade/assets/themes/deepblack/flags/4x3/nz.svg]
[axumaycrypto.trade/assets/themes/deepblack/flags/1x1/nz.svg]
[axumaycrypto.trade/assets/themes/deepblack/flags/4x3/om.svg]
[axumaycrypto.trade/assets/themes/deepblack/flags/1x1/om.svg]
[axumaycrypto.trade/assets/themes/deepblack/flags/4x3/pa.svg]
[axumaycrypto.trade/assets/themes/deepblack/flags/1x1/pa.svg]
[axumaycrypto.trade/assets/themes/deepblack/flags/4x3/pe.svg]
[axumaycrypto.trade/assets/themes/deepblack/flags/1x1/pe.svg]
[axumaycrypto.trade/assets/themes/deepblack/flags/4x3/pf.svg]
[axumaycrypto.trade/assets/themes/deepblack/flags/1x1/pf.svg]
[axumaycrypto.trade/assets/themes/deepblack/flags/4x3/pg.svg]
[axumaycrypto.trade/assets/themes/deepblack/flags/1x1/pg.svg]
[axumaycrypto.trade/assets/themes/deepblack/flags/4x3/ph.svg]
[axumaycrypto.trade/assets/themes/deepblack/flags/1x1/ph.svg]
[axumaycrypto.trade/assets/themes/deepblack/flags/4x3/pk.svg]
[axumaycrypto.trade/assets/themes/deepblack/flags/1x1/pk.svg]
[axumaycrypto.trade/assets/themes/deepblack/flags/4x3/pl.svg]
[axumaycrypto.trade/assets/themes/deepblack/flags/1x1/pl.svg]
[axumaycrypto.trade/assets/themes/deepblack/flags/4x3/pm.svg]
[axumaycrypto.trade/assets/themes/deepblack/flags/1x1/pm.svg]
[axumaycrypto.trade/assets/themes/deepblack/flags/4x3/pn.svg]
[axumaycrypto.trade/assets/themes/deepblack/flags/1x1/pn.svg]
[axumaycrypto.trade/assets/themes/deepblack/flags/4x3/pr.svg]
[axumaycrypto.trade/assets/themes/deepblack/flags/1x1/pr.svg]
[axumaycrypto.trade/assets/themes/deepblack/flags/4x3/ps.svg]
[axumaycrypto.trade/assets/themes/deepblack/flags/1x1/ps.svg]
[axumaycrypto.trade/assets/themes/deepblack/flags/4x3/pt.svg]
[axumaycrypto.trade/assets/themes/deepblack/flags/1x1/pt.svg]
[axumaycrypto.trade/assets/themes/deepblack/flags/4x3/pw.svg]
[axumaycrypto.trade/assets/themes/deepblack/flags/1x1/pw.svg]
[axumaycrypto.trade/assets/themes/deepblack/flags/4x3/py.svg]
[axumaycrypto.trade/assets/themes/deepblack/flags/1x1/py.svg]
[axumaycrypto.trade/assets/themes/deepblack/flags/4x3/qa.svg]
[axumaycrypto.trade/assets/themes/deepblack/flags/1x1/qa.svg]
[axumaycrypto.trade/assets/themes/deepblack/flags/4x3/re.svg]
[axumaycrypto.trade/assets/themes/deepblack/flags/1x1/re.svg]
[axumaycrypto.trade/assets/themes/deepblack/flags/4x3/ro.svg]
[axumaycrypto.trade/assets/themes/deepblack/flags/1x1/ro.svg]
[axumaycrypto.trade/assets/themes/deepblack/flags/4x3/rs.svg]
[axumaycrypto.trade/assets/themes/deepblack/flags/1x1/rs.svg]
[axumaycrypto.trade/assets/themes/deepblack/flags/4x3/ru.svg]
[axumaycrypto.trade/assets/themes/deepblack/flags/1x1/ru.svg]
[axumaycrypto.trade/assets/themes/deepblack/flags/4x3/rw.svg]
[axumaycrypto.trade/assets/themes/deepblack/flags/1x1/rw.svg]
[axumaycrypto.trade/assets/themes/deepblack/flags/4x3/sa.svg]
[axumaycrypto.trade/assets/themes/deepblack/flags/1x1/sa.svg]
[axumaycrypto.trade/assets/themes/deepblack/flags/4x3/sb.svg]
[axumaycrypto.trade/assets/themes/deepblack/flags/1x1/sb.svg]
[axumaycrypto.trade/assets/themes/deepblack/flags/4x3/sc.svg]
[axumaycrypto.trade/assets/themes/deepblack/flags/1x1/sc.svg]
[axumaycrypto.trade/assets/themes/deepblack/flags/4x3/sd.svg]
[axumaycrypto.trade/assets/themes/deepblack/flags/1x1/sd.svg]
[axumaycrypto.trade/assets/themes/deepblack/flags/4x3/se.svg]
[axumaycrypto.trade/assets/themes/deepblack/flags/1x1/se.svg]
[axumaycrypto.trade/assets/themes/deepblack/flags/4x3/sg.svg]
[axumaycrypto.trade/assets/themes/deepblack/flags/1x1/sg.svg]
[axumaycrypto.trade/assets/themes/deepblack/flags/4x3/sh.svg]
[axumaycrypto.trade/assets/themes/deepblack/flags/1x1/sh.svg]
[axumaycrypto.trade/assets/themes/deepblack/flags/4x3/si.svg]
[axumaycrypto.trade/assets/themes/deepblack/flags/1x1/si.svg]
[axumaycrypto.trade/assets/themes/deepblack/flags/4x3/sj.svg]
[axumaycrypto.trade/assets/themes/deepblack/flags/1x1/sj.svg]
[axumaycrypto.trade/assets/themes/deepblack/flags/4x3/sk.svg]
[axumaycrypto.trade/assets/themes/deepblack/flags/1x1/sk.svg]
[axumaycrypto.trade/assets/themes/deepblack/flags/4x3/sl.svg]
[axumaycrypto.trade/assets/themes/deepblack/flags/1x1/sl.svg]
[axumaycrypto.trade/assets/themes/deepblack/flags/4x3/sm.svg]
[axumaycrypto.trade/assets/themes/deepblack/flags/1x1/sm.svg]
[axumaycrypto.trade/assets/themes/deepblack/flags/4x3/sn.svg]
[axumaycrypto.trade/assets/themes/deepblack/flags/1x1/sn.svg]
[axumaycrypto.trade/assets/themes/deepblack/flags/4x3/so.svg]
[axumaycrypto.trade/assets/themes/deepblack/flags/1x1/so.svg]
[axumaycrypto.trade/assets/themes/deepblack/flags/4x3/sr.svg]
[axumaycrypto.trade/assets/themes/deepblack/flags/1x1/sr.svg]
[axumaycrypto.trade/assets/themes/deepblack/flags/4x3/ss.svg]
[axumaycrypto.trade/assets/themes/deepblack/flags/1x1/ss.svg]
[axumaycrypto.trade/assets/themes/deepblack/flags/4x3/st.svg]
[axumaycrypto.trade/assets/themes/deepblack/flags/1x1/st.svg]
[axumaycrypto.trade/assets/themes/deepblack/flags/4x3/sv.svg]
[axumaycrypto.trade/assets/themes/deepblack/flags/1x1/sv.svg]
[axumaycrypto.trade/assets/themes/deepblack/flags/4x3/sx.svg]
[axumaycrypto.trade/assets/themes/deepblack/flags/1x1/sx.svg]
[axumaycrypto.trade/assets/themes/deepblack/flags/4x3/sy.svg]
[axumaycrypto.trade/assets/themes/deepblack/flags/1x1/sy.svg]
[axumaycrypto.trade/assets/themes/deepblack/flags/4x3/sz.svg]
[axumaycrypto.trade/assets/themes/deepblack/flags/1x1/sz.svg]
[axumaycrypto.trade/assets/themes/deepblack/flags/4x3/tc.svg]
[axumaycrypto.trade/assets/themes/deepblack/flags/1x1/tc.svg]
[axumaycrypto.trade/assets/themes/deepblack/flags/4x3/td.svg]
[axumaycrypto.trade/assets/themes/deepblack/flags/1x1/td.svg]
[axumaycrypto.trade/assets/themes/deepblack/flags/4x3/tf.svg]
[axumaycrypto.trade/assets/themes/deepblack/flags/1x1/tf.svg]
[axumaycrypto.trade/assets/themes/deepblack/flags/4x3/tg.svg]
[axumaycrypto.trade/assets/themes/deepblack/flags/1x1/tg.svg]
[axumaycrypto.trade/assets/themes/deepblack/flags/4x3/th.svg]
[axumaycrypto.trade/assets/themes/deepblack/flags/1x1/th.svg]
[axumaycrypto.trade/assets/themes/deepblack/flags/4x3/tj.svg]
[axumaycrypto.trade/assets/themes/deepblack/flags/1x1/tj.svg]
[axumaycrypto.trade/assets/themes/deepblack/flags/4x3/tk.svg]
[axumaycrypto.trade/assets/themes/deepblack/flags/1x1/tk.svg]
[axumaycrypto.trade/assets/themes/deepblack/flags/4x3/tl.svg]
[axumaycrypto.trade/assets/themes/deepblack/flags/1x1/tl.svg]
[axumaycrypto.trade/assets/themes/deepblack/flags/4x3/tm.svg]
[axumaycrypto.trade/assets/themes/deepblack/flags/1x1/tm.svg]
[axumaycrypto.trade/assets/themes/deepblack/flags/4x3/tn.svg]
[axumaycrypto.trade/assets/themes/deepblack/flags/1x1/tn.svg]
[axumaycrypto.trade/assets/themes/deepblack/flags/4x3/to.svg]
[axumaycrypto.trade/assets/themes/deepblack/flags/1x1/to.svg]
[axumaycrypto.trade/assets/themes/deepblack/flags/4x3/tr.svg]
[axumaycrypto.trade/assets/themes/deepblack/flags/1x1/tr.svg]
[axumaycrypto.trade/assets/themes/deepblack/flags/4x3/tt.svg]
[axumaycrypto.trade/assets/themes/deepblack/flags/1x1/tt.svg]
[axumaycrypto.trade/assets/themes/deepblack/flags/4x3/tv.svg]
[axumaycrypto.trade/assets/themes/deepblack/flags/1x1/tv.svg]
[axumaycrypto.trade/assets/themes/deepblack/flags/4x3/tw.svg]
[axumaycrypto.trade/assets/themes/deepblack/flags/1x1/tw.svg]
[axumaycrypto.trade/assets/themes/deepblack/flags/4x3/tz.svg]
[axumaycrypto.trade/assets/themes/deepblack/flags/1x1/tz.svg]
[axumaycrypto.trade/assets/themes/deepblack/flags/4x3/ua.svg]
[axumaycrypto.trade/assets/themes/deepblack/flags/1x1/ua.svg]
[axumaycrypto.trade/assets/themes/deepblack/flags/4x3/ug.svg]
[axumaycrypto.trade/assets/themes/deepblack/flags/1x1/ug.svg]
[axumaycrypto.trade/assets/themes/deepblack/flags/4x3/um.svg]
[axumaycrypto.trade/assets/themes/deepblack/flags/1x1/um.svg]
[axumaycrypto.trade/assets/themes/deepblack/flags/4x3/us.svg]
[axumaycrypto.trade/assets/themes/deepblack/flags/1x1/us.svg]
[axumaycrypto.trade/assets/themes/deepblack/flags/4x3/uy.svg]
[axumaycrypto.trade/assets/themes/deepblack/flags/1x1/uy.svg]
[axumaycrypto.trade/assets/themes/deepblack/flags/4x3/uz.svg]
[axumaycrypto.trade/assets/themes/deepblack/flags/1x1/uz.svg]
[axumaycrypto.trade/assets/themes/deepblack/flags/4x3/va.svg]
[axumaycrypto.trade/assets/themes/deepblack/flags/1x1/va.svg]
[axumaycrypto.trade/assets/themes/deepblack/flags/4x3/vc.svg]
[axumaycrypto.trade/assets/themes/deepblack/flags/1x1/vc.svg]
[axumaycrypto.trade/assets/themes/deepblack/flags/4x3/ve.svg]
[axumaycrypto.trade/assets/themes/deepblack/flags/1x1/ve.svg]
[axumaycrypto.trade/assets/themes/deepblack/flags/4x3/vg.svg]
[axumaycrypto.trade/assets/themes/deepblack/flags/1x1/vg.svg]
[axumaycrypto.trade/assets/themes/deepblack/flags/4x3/vi.svg]
[axumaycrypto.trade/assets/themes/deepblack/flags/1x1/vi.svg]
[axumaycrypto.trade/assets/themes/deepblack/flags/4x3/vn.svg]
[axumaycrypto.trade/assets/themes/deepblack/flags/1x1/vn.svg]
[axumaycrypto.trade/assets/themes/deepblack/flags/4x3/vu.svg]
[axumaycrypto.trade/assets/themes/deepblack/flags/1x1/vu.svg]
[axumaycrypto.trade/assets/themes/deepblack/flags/4x3/wf.svg]
[axumaycrypto.trade/assets/themes/deepblack/flags/1x1/wf.svg]
[axumaycrypto.trade/assets/themes/deepblack/flags/4x3/ws.svg]
[axumaycrypto.trade/assets/themes/deepblack/flags/1x1/ws.svg]
[axumaycrypto.trade/assets/themes/deepblack/flags/4x3/ye.svg]
[axumaycrypto.trade/assets/themes/deepblack/flags/1x1/ye.svg]
[axumaycrypto.trade/assets/themes/deepblack/flags/4x3/yt.svg]
[axumaycrypto.trade/assets/themes/deepblack/flags/1x1/yt.svg]
[axumaycrypto.trade/assets/themes/deepblack/flags/4x3/za.svg]
[axumaycrypto.trade/assets/themes/deepblack/flags/1x1/za.svg]
[axumaycrypto.trade/assets/themes/deepblack/flags/4x3/zm.svg]
[axumaycrypto.trade/assets/themes/deepblack/flags/1x1/zm.svg]
[axumaycrypto.trade/assets/themes/deepblack/flags/4x3/zw.svg]
[axumaycrypto.trade/assets/themes/deepblack/flags/1x1/zw.svg]
[axumaycrypto.trade/assets/themes/deepblack/flags/4x3/eu.svg]
[axumaycrypto.trade/assets/themes/deepblack/flags/1x1/eu.svg]
[axumaycrypto.trade/assets/themes/deepblack/flags/4x3/gb-eng.svg]
[axumaycrypto.trade/assets/themes/deepblack/flags/1x1/gb-eng.svg]
[axumaycrypto.trade/assets/themes/deepblack/flags/4x3/gb-nir.svg]
[axumaycrypto.trade/assets/themes/deepblack/flags/1x1/gb-nir.svg]
[axumaycrypto.trade/assets/themes/deepblack/flags/4x3/gb-sct.svg]
[axumaycrypto.trade/assets/themes/deepblack/flags/1x1/gb-sct.svg]
[axumaycrypto.trade/assets/themes/deepblack/flags/4x3/gb-wls.svg]
[axumaycrypto.trade/assets/themes/deepblack/flags/1x1/gb-wls.svg]
[axumaycrypto.trade/assets/themes/deepblack/flags/4x3/un.svg]
[axumaycrypto.trade/assets/themes/deepblack/flags/1x1/un.svg]
[axumaycrypto.trade/assets/uploads/logo/meta.html]
[axumaycrypto.trade/password/reset.html]
[code.tidio.co_443/qhsdfod5pkmmskrau00j0ytzmseu1aze.js]
[axumaycrypto.trade/terminos-y-condiciones/33.html]
[axumaycrypto.trade/politica-de-privacidad/34.html]
[axumaycrypto.trade/assets/themes/deepblack/assets/plugins/owlcarousel/owl.video.play.png]
[axumaycrypto.trade/assets/themes/deepblack/flags/4x3/ad.svg]
